2026-06-13 17:34:13,887 - INFO - Flask app initialized with templates from: C:\Users\allurjj\Documents\Radio_Monitor\templates
2026-06-13 17:34:13,887 - INFO - Static folder from: C:\Users\allurjj\Documents\Radio_Monitor\static
2026-06-13 17:34:13,887 - INFO - Template folder exists: True
2026-06-13 17:34:13,887 - INFO - Static folder exists: True
2026-06-13 17:34:13,887 - INFO - sys.frozen: False
2026-06-13 17:34:13,887 - INFO - __file__: C:\Users\allurjj\Documents\Radio_Monitor\radio_monitor\gui\__init__.py
2026-06-13 17:34:13,887 - INFO - Current working directory: C:\Users\allurjj\Documents\Radio_Monitor
2026-06-13 17:34:13,981 - INFO - All GUI blueprints registered successfully
2026-06-13 17:34:13,981 - INFO - Authentication module initialized
2026-06-13 17:34:13 - INFO - radio_monitor.logging_setup - Logging configured: console=INFO, file=ERROR, file=radio_monitor.log
[INFO] Starting manual scrape of all stations...
2026-06-13 17:34:14 - INFO - radio_monitor.scrapers - Loaded 27 station configs from database
2026-06-13 17:34:14 - INFO - radio_monitor.scrapers - Lidarr auto-import is ENABLED (min_plays=10, min_songs=1)
2026-06-13 17:34:14 - INFO - radio_monitor.scrapers - Scraping 27 stations: wlite, wls, wiil, big955, bigclassichits, fm1061, q101, rock955, rocknation, us99, litefm1067, iheartcountrytop30, iheartclassicrock, iheartliterock, iheartnewcountry, iheartsoftrock, iheart2000s, iheart2010s, iheart2020s, iheart80s, iheart90s, iheartcountry, iheartcountry2000s, iheartcountry80s, iheartcountry90s, iheartcountryclassics, iheartcountryfavorites
2026-06-13 17:34:14 - INFO - radio_monitor.scrapers - Scraping wlite: https://www.iheart.com/live/939-lite-fm-853/
2026-06-13 17:34:14 - INFO - radio_monitor.scrapers - Using fast scraper for wlite (initial_wait=6s)...
2026-06-13 17:34:15 - INFO - radio_monitor.scrapers - Fast scraper found 11 songs (attempt 1/7)
2026-06-13 17:34:15 - INFO - radio_monitor.scrapers - Fast scraper successful with 11 songs in 1 attempt(s)
2026-06-13 17:34:15 - INFO - radio_monitor.scrapers - Fast scraper successful for wlite: 11 songs
2026-06-13 17:34:15 - INFO - radio_monitor.scrapers - Scraped 11 songs from wlite
2026-06-13 17:34:17 - INFO - radio_monitor.mbid - Found MBID for Destiny's Child: a796b92e-c137-4895-9c89-10f900617a4f (matched: Destiny’s Child, 93.3% similarity, good match with overlap)
2026-06-13 17:34:19 - INFO - radio_monitor.mbid - Found MBID for TLC: 99790314-885a-4975-8614-9c5bc890364d (exact match)
2026-06-13 17:34:19 - INFO - radio_monitor.scrapers - Completed scraping wlite: 11 songs found
2026-06-13 17:34:19 - INFO - radio_monitor.scrapers - Scraping wls: https://www.iheart.com/live/947-wls-5367/
2026-06-13 17:34:19 - INFO - radio_monitor.scrapers - Using fast scraper for wls (initial_wait=6s)...
2026-06-13 17:34:19 - INFO - radio_monitor.scrapers - Fast scraper found 11 songs (attempt 1/7)
2026-06-13 17:34:19 - INFO - radio_monitor.scrapers - Fast scraper successful with 11 songs in 1 attempt(s)
2026-06-13 17:34:19 - INFO - radio_monitor.scrapers - Fast scraper successful for wls: 11 songs
2026-06-13 17:34:19 - INFO - radio_monitor.scrapers - Scraped 11 songs from wls
2026-06-13 17:34:19 - INFO - radio_monitor.scrapers - Using manual MBID override for 'a-ha': 7364dea6-ca9a-48e3-be01-b44ad0d19897
2026-06-13 17:34:19 - INFO - radio_monitor.scrapers - Completed scraping wls: 11 songs found
2026-06-13 17:34:19 - INFO - radio_monitor.scrapers - Scraping wiil: https://www.iheart.com/live/95-wiil-rock-7716/
2026-06-13 17:34:19 - INFO - radio_monitor.scrapers - Using fast scraper for wiil (initial_wait=6s)...
2026-06-13 17:34:20 - WARNING - radio_monitor.scrapers - Validation failed - possible swap: 'Scar Tissue' by 'Red Hot Chili Peppers'
2026-06-13 17:34:20 - INFO - radio_monitor.scrapers - Fast scraper found 11 songs (attempt 1/7)
2026-06-13 17:34:20 - INFO - radio_monitor.scrapers - Fast scraper successful with 11 songs in 1 attempt(s)
2026-06-13 17:34:20 - INFO - radio_monitor.scrapers - Fast scraper successful for wiil: 11 songs
2026-06-13 17:34:20 - INFO - radio_monitor.scrapers - Scraped 11 songs from wiil
2026-06-13 17:34:20 - INFO - radio_monitor.scrapers - Completed scraping wiil: 11 songs found
2026-06-13 17:34:20 - INFO - radio_monitor.scrapers - Scraping big955: https://www.iheart.com/live/big-955-8731
2026-06-13 17:34:20 - INFO - radio_monitor.scrapers - Using fast scraper for big955 (initial_wait=6s)...
2026-06-13 17:34:21 - INFO - radio_monitor.scrapers - Fast scraper found 11 songs (attempt 1/7)
2026-06-13 17:34:21 - INFO - radio_monitor.scrapers - Fast scraper successful with 11 songs in 1 attempt(s)
2026-06-13 17:34:21 - INFO - radio_monitor.scrapers - Fast scraper successful for big955: 11 songs
2026-06-13 17:34:21 - INFO - radio_monitor.scrapers - Scraped 11 songs from big955
2026-06-13 17:34:22 - INFO - radio_monitor.mbid - Found MBID for Parker McCollum: ba67b7da-cca7-4c3f-ba19-05349f0f7d97 (exact match)
2026-06-13 17:34:23 - INFO - radio_monitor.normalization - Collaboration detected: 'Corey Kent & Koe Wetzel' -> Primary artist: 'Corey Kent' (ignoring featured artists)
2026-06-13 17:34:23 - INFO - radio_monitor.scrapers - Collaboration processed: 'Corey Kent & Koe Wetzel' -> Primary artist: 'Corey Kent'
2026-06-13 17:34:23 - INFO - radio_monitor.normalization - Collaboration detected: 'Justin Moore feat. Dierks Bentley' -> Primary artist: 'Justin Moore' (ignoring featured artists)
2026-06-13 17:34:23 - INFO - radio_monitor.scrapers - Collaboration processed: 'Justin Moore feat. Dierks Bentley' -> Primary artist: 'Justin Moore'
2026-06-13 17:34:23 - INFO - radio_monitor.scrapers - Completed scraping big955: 11 songs found
2026-06-13 17:34:23 - INFO - radio_monitor.scrapers - Scraping bigclassichits: https://www.iheart.com/live/big-classic-hits-4455
2026-06-13 17:34:23 - INFO - radio_monitor.scrapers - Using fast scraper for bigclassichits (initial_wait=10s)...
2026-06-13 17:34:23 - INFO - radio_monitor.scrapers - Fast scraper found 11 songs (attempt 1/7)
2026-06-13 17:34:23 - INFO - radio_monitor.scrapers - Fast scraper successful with 11 songs in 1 attempt(s)
2026-06-13 17:34:23 - INFO - radio_monitor.scrapers - Fast scraper successful for bigclassichits: 11 songs
2026-06-13 17:34:23 - INFO - radio_monitor.scrapers - Scraped 11 songs from bigclassichits
2026-06-13 17:34:25 - INFO - radio_monitor.mbid - Found MBID for TLC: 99790314-885a-4975-8614-9c5bc890364d (exact match)
2026-06-13 17:34:27 - INFO - radio_monitor.mbid - Found MBID for Tears for Fears: 7c7f9c94-dee8-4903-892b-6cf44652e2de (exact match)
2026-06-13 17:34:27 - INFO - radio_monitor.scrapers - Completed scraping bigclassichits: 11 songs found
2026-06-13 17:34:27 - INFO - radio_monitor.scrapers - Scraping fm1061: https://www.iheart.com/live/fm1061-2677
2026-06-13 17:34:27 - INFO - radio_monitor.scrapers - Using fast scraper for fm1061 (initial_wait=6s)...
2026-06-13 17:34:28 - INFO - radio_monitor.scrapers - Fast scraper found 12 songs (attempt 1/7)
2026-06-13 17:34:28 - INFO - radio_monitor.scrapers - Fast scraper successful with 12 songs in 1 attempt(s)
2026-06-13 17:34:28 - INFO - radio_monitor.scrapers - Fast scraper successful for fm1061: 12 songs
2026-06-13 17:34:28 - INFO - radio_monitor.scrapers - Scraped 12 songs from fm1061
2026-06-13 17:34:28 - INFO - radio_monitor.scrapers - New song: Highs & Lows by Matt Cooper
2026-06-13 17:34:28 - INFO - radio_monitor.scrapers - Completed scraping fm1061: 12 songs found
2026-06-13 17:34:28 - INFO - radio_monitor.scrapers - Scraping q101: https://www.iheart.com/live/q101-6468/
2026-06-13 17:34:28 - INFO - radio_monitor.scrapers - Using fast scraper for q101 (initial_wait=6s)...
2026-06-13 17:34:29 - INFO - radio_monitor.scrapers - Fast scraper found 10 songs (attempt 1/7)
2026-06-13 17:34:29 - INFO - radio_monitor.scrapers - Fast scraper successful with 10 songs in 1 attempt(s)
2026-06-13 17:34:29 - INFO - radio_monitor.scrapers - Fast scraper successful for q101: 10 songs
2026-06-13 17:34:29 - INFO - radio_monitor.scrapers - Scraped 10 songs from q101
2026-06-13 17:34:30 - INFO - radio_monitor.mbid - Found MBID for The Beths: 4c74fc48-8108-4556-87af-154af74f2ce5 (exact match)
2026-06-13 17:34:30 - INFO - radio_monitor.scrapers - New artist: The Beths (4c74fc48-8108-4556-87af-154af74f2ce5)
2026-06-13 17:34:30 - INFO - radio_monitor.scrapers - New song: Uptown Girl by The Beths
2026-06-13 17:34:32 - INFO - radio_monitor.mbid - Found MBID for Descendents: f035837e-4117-438d-a524-cacf43500e68 (exact match)
2026-06-13 17:34:32 - INFO - radio_monitor.scrapers - New artist: Descendents (f035837e-4117-438d-a524-cacf43500e68)
2026-06-13 17:34:32 - INFO - radio_monitor.scrapers - New song: Without Love by Descendents
2026-06-13 17:34:34 - INFO - radio_monitor.mbid - Found MBID for The All-American Rejects: 09885b8e-f235-4b80-a02a-055539493173 (exact match)
2026-06-13 17:34:35 - INFO - radio_monitor.mbid - Found MBID for Santigold: 97b20fe3-0924-4a5f-9955-d0b5c5f9587f (exact match)
2026-06-13 17:34:35 - INFO - radio_monitor.scrapers - New artist: Santigold (97b20fe3-0924-4a5f-9955-d0b5c5f9587f)
2026-06-13 17:34:35 - INFO - radio_monitor.scrapers - New song: Run The Road by Santigold
2026-06-13 17:34:35 - INFO - radio_monitor.scrapers - New song: Head On by Pixies
2026-06-13 17:34:38 - INFO - radio_monitor.mbid - Found MBID for Bowling for Soup: bcb95908-5c6e-453a-97fc-d69003d250ff (exact match)
2026-06-13 17:34:38 - INFO - radio_monitor.scrapers - New artist: Bowling for Soup (bcb95908-5c6e-453a-97fc-d69003d250ff)
2026-06-13 17:34:38 - INFO - radio_monitor.scrapers - New song: 1985 by Bowling for Soup
2026-06-13 17:34:38 - INFO - radio_monitor.scrapers - Completed scraping q101: 10 songs found
2026-06-13 17:34:38 - INFO - radio_monitor.scrapers - Scraping rock955: https://www.iheart.com/live/rock-955-857/
2026-06-13 17:34:38 - INFO - radio_monitor.scrapers - Using fast scraper for rock955 (initial_wait=6s)...
2026-06-13 17:34:39 - INFO - radio_monitor.scrapers - Fast scraper found 11 songs (attempt 1/7)
2026-06-13 17:34:39 - INFO - radio_monitor.scrapers - Fast scraper successful with 11 songs in 1 attempt(s)
2026-06-13 17:34:39 - INFO - radio_monitor.scrapers - Fast scraper successful for rock955: 11 songs
2026-06-13 17:34:39 - INFO - radio_monitor.scrapers - Scraped 11 songs from rock955
2026-06-13 17:34:40 - INFO - radio_monitor.mbid - Found MBID for Smashing Pumpkins: ba0d6274-db14-4ef5-b28d-657ebde1a396 (matched: The Smashing Pumpkins, 89.5% similarity, good match with overlap)
2026-06-13 17:34:42 - INFO - radio_monitor.mbid - Found MBID for Alice in Chains: 4bd95eea-b9f6-4d70-a36c-cfea77431553 (exact match)
2026-06-13 17:34:44 - INFO - radio_monitor.mbid - Found MBID for INXS: 481bf5f9-2e7c-4c44-b08a-05b32bc7c00d (exact match)
2026-06-13 17:34:44 - INFO - radio_monitor.normalization - Collaboration detected: 'Falling In Reverse featuring Saraya' -> Primary artist: 'Falling In Reverse' (ignoring featured artists)
2026-06-13 17:34:44 - INFO - radio_monitor.scrapers - Collaboration processed: 'Falling In Reverse featuring Saraya' -> Primary artist: 'Falling In Reverse'
2026-06-13 17:34:46 - INFO - radio_monitor.mbid - Found MBID for Falling In Reverse: e56ab1ae-1cfa-4d0e-b33b-af31bff677c7 (exact match)
2026-06-13 17:34:48 - INFO - radio_monitor.mbid - Found MBID for Rage Against the Machine: 3798b104-01cb-484c-a3b0-56adc6399b80 (exact match)
2026-06-13 17:34:48 - INFO - radio_monitor.scrapers - Completed scraping rock955: 11 songs found
2026-06-13 17:34:48 - INFO - radio_monitor.scrapers - Scraping rocknation: https://www.iheart.com/live/rock-nation-4443
2026-06-13 17:34:48 - INFO - radio_monitor.scrapers - Using fast scraper for rocknation (initial_wait=10s)...
2026-06-13 17:34:48 - INFO - radio_monitor.scrapers - Fast scraper found 12 songs (attempt 1/7)
2026-06-13 17:34:48 - INFO - radio_monitor.scrapers - Fast scraper successful with 12 songs in 1 attempt(s)
2026-06-13 17:34:48 - INFO - radio_monitor.scrapers - Fast scraper successful for rocknation: 12 songs
2026-06-13 17:34:48 - INFO - radio_monitor.scrapers - Scraped 12 songs from rocknation
2026-06-13 17:34:50 - INFO - radio_monitor.mbid - Found MBID for Alice in Chains: 4bd95eea-b9f6-4d70-a36c-cfea77431553 (exact match)
2026-06-13 17:34:50 - INFO - radio_monitor.scrapers - Completed scraping rocknation: 12 songs found
2026-06-13 17:34:50 - INFO - radio_monitor.scrapers - Scraping us99: https://www.iheart.com/live/us-99-10819/
2026-06-13 17:34:50 - INFO - radio_monitor.scrapers - Using fast scraper for us99 (initial_wait=6s)...
2026-06-13 17:34:51 - INFO - radio_monitor.scrapers - Fast scraper found 12 songs (attempt 1/7)
2026-06-13 17:34:51 - INFO - radio_monitor.scrapers - Fast scraper successful with 12 songs in 1 attempt(s)
2026-06-13 17:34:51 - INFO - radio_monitor.scrapers - Fast scraper successful for us99: 12 songs
2026-06-13 17:34:51 - INFO - radio_monitor.scrapers - Scraped 12 songs from us99
2026-06-13 17:34:51 - INFO - radio_monitor.normalization - Collaboration detected: 'George Birge & Luke Bryan' -> Primary artist: 'George Birge' (ignoring featured artists)
2026-06-13 17:34:51 - INFO - radio_monitor.scrapers - Collaboration processed: 'George Birge & Luke Bryan' -> Primary artist: 'George Birge'
2026-06-13 17:34:51 - INFO - radio_monitor.normalization - Collaboration detected: 'Lauren Alaina feat. Chase Matthew' -> Primary artist: 'Lauren Alaina' (ignoring featured artists)
2026-06-13 17:34:51 - INFO - radio_monitor.scrapers - Collaboration processed: 'Lauren Alaina feat. Chase Matthew' -> Primary artist: 'Lauren Alaina'
2026-06-13 17:34:51 - INFO - radio_monitor.normalization - Collaboration detected: 'Shaboozey (feat. Jelly Roll)' -> Primary artist: 'Shaboozey' (ignoring featured artists)
2026-06-13 17:34:51 - INFO - radio_monitor.scrapers - Collaboration processed: 'Shaboozey (feat. Jelly Roll)' -> Primary artist: 'Shaboozey'
2026-06-13 17:34:53 - INFO - radio_monitor.mbid - Found MBID for Reba McEntire: 3ec17e85-9284-4f4c-8831-4e56c2354cdb (exact match)
2026-06-13 17:34:53 - INFO - radio_monitor.scrapers - Completed scraping us99: 12 songs found
2026-06-13 17:34:53 - INFO - radio_monitor.scrapers - Scraping litefm1067: https://www.iheart.com/live/1067-lite-fm-1477
2026-06-13 17:34:53 - INFO - radio_monitor.scrapers - Using fast scraper for litefm1067 (initial_wait=6s)...
2026-06-13 17:34:53 - INFO - radio_monitor.scrapers - Fast scraper found 11 songs (attempt 1/7)
2026-06-13 17:34:53 - INFO - radio_monitor.scrapers - Fast scraper successful with 11 songs in 1 attempt(s)
2026-06-13 17:34:53 - INFO - radio_monitor.scrapers - Fast scraper successful for litefm1067: 11 songs
2026-06-13 17:34:53 - INFO - radio_monitor.scrapers - Scraped 11 songs from litefm1067
2026-06-13 17:34:53 - INFO - radio_monitor.normalization - Collaboration detected: 'Michael Jackson featuring Siedah Garrett' -> Primary artist: 'Michael Jackson' (ignoring featured artists)
2026-06-13 17:34:53 - INFO - radio_monitor.scrapers - Collaboration processed: 'Michael Jackson featuring Siedah Garrett' -> Primary artist: 'Michael Jackson'
2026-06-13 17:34:53 - INFO - radio_monitor.normalization - Collaboration detected: 'Lady Gaga & Bruno Mars' -> Primary artist: 'Lady Gaga' (ignoring featured artists)
2026-06-13 17:34:53 - INFO - radio_monitor.scrapers - Collaboration processed: 'Lady Gaga & Bruno Mars' -> Primary artist: 'Lady Gaga'
2026-06-13 17:34:53 - INFO - radio_monitor.scrapers - Completed scraping litefm1067: 11 songs found
2026-06-13 17:34:53 - INFO - radio_monitor.scrapers - Scraping iheartcountrytop30: https://www.iheart.com/live/country-top-30-6760
2026-06-13 17:34:53 - INFO - radio_monitor.scrapers - Using fast scraper for iheartcountrytop30 (initial_wait=6s)...
2026-06-13 17:34:54 - INFO - radio_monitor.scrapers - Fast scraper found 12 songs (attempt 1/7)
2026-06-13 17:34:54 - INFO - radio_monitor.scrapers - Fast scraper successful with 12 songs in 1 attempt(s)
2026-06-13 17:34:54 - INFO - radio_monitor.scrapers - Fast scraper successful for iheartcountrytop30: 12 songs
2026-06-13 17:34:54 - INFO - radio_monitor.scrapers - Scraped 12 songs from iheartcountrytop30
2026-06-13 17:34:54 - INFO - radio_monitor.scrapers - Completed scraping iheartcountrytop30: 12 songs found
2026-06-13 17:34:54 - INFO - radio_monitor.scrapers - Scraping iheartclassicrock: https://www.iheart.com/live/classic-rock-4426
2026-06-13 17:34:54 - INFO - radio_monitor.scrapers - Using fast scraper for iheartclassicrock (initial_wait=6s)...
2026-06-13 17:34:55 - INFO - radio_monitor.scrapers - Fast scraper found 12 songs (attempt 1/7)
2026-06-13 17:34:55 - INFO - radio_monitor.scrapers - Fast scraper successful with 12 songs in 1 attempt(s)
2026-06-13 17:34:55 - INFO - radio_monitor.scrapers - Fast scraper successful for iheartclassicrock: 12 songs
2026-06-13 17:34:55 - INFO - radio_monitor.scrapers - Scraped 12 songs from iheartclassicrock
2026-06-13 17:34:55 - INFO - radio_monitor.normalization - Collaboration detected: 'Joan Jett & the Blackhearts' -> Primary artist: 'Joan Jett' (ignoring featured artists)
2026-06-13 17:34:55 - INFO - radio_monitor.scrapers - Collaboration processed: 'Joan Jett & the Blackhearts' -> Primary artist: 'Joan Jett'
2026-06-13 17:34:57 - INFO - radio_monitor.mbid - Found MBID for ZZ Top: a81259a0-a2f5-464b-866e-71220f2739f1 (exact match)
2026-06-13 17:34:57 - INFO - radio_monitor.scrapers - Completed scraping iheartclassicrock: 12 songs found
2026-06-13 17:34:57 - INFO - radio_monitor.scrapers - Scraping iheartliterock: https://www.iheart.com/live/lite-rock-6830
2026-06-13 17:34:57 - INFO - radio_monitor.scrapers - Using fast scraper for iheartliterock (initial_wait=6s)...
2026-06-13 17:34:57 - INFO - radio_monitor.scrapers - Fast scraper found 11 songs (attempt 1/7)
2026-06-13 17:34:57 - INFO - radio_monitor.scrapers - Fast scraper successful with 11 songs in 1 attempt(s)
2026-06-13 17:34:57 - INFO - radio_monitor.scrapers - Fast scraper successful for iheartliterock: 11 songs
2026-06-13 17:34:57 - INFO - radio_monitor.scrapers - Scraped 11 songs from iheartliterock
2026-06-13 17:34:59 - INFO - radio_monitor.mbid - Found MBID for Fun.: 136c4166-85b3-4994-aa04-59857c434199 (matched: Fun, 85.7% similarity, good match with overlap)
2026-06-13 17:35:01 - INFO - radio_monitor.mbid - Found MBID for Des'ree: 250504d4-eca1-4b23-bea6-db1dc7d2eaf9 (matched: Des’ree, 85.7% similarity, good match with overlap)
2026-06-13 17:35:01 - INFO - radio_monitor.scrapers - Completed scraping iheartliterock: 11 songs found
2026-06-13 17:35:01 - INFO - radio_monitor.scrapers - Scraping iheartnewcountry: https://www.iheart.com/live/new-country-4712
2026-06-13 17:35:01 - INFO - radio_monitor.scrapers - Using fast scraper for iheartnewcountry (initial_wait=6s)...
2026-06-13 17:35:02 - INFO - radio_monitor.scrapers - Fast scraper found 11 songs (attempt 1/7)
2026-06-13 17:35:02 - INFO - radio_monitor.scrapers - Fast scraper successful with 11 songs in 1 attempt(s)
2026-06-13 17:35:02 - INFO - radio_monitor.scrapers - Fast scraper successful for iheartnewcountry: 11 songs
2026-06-13 17:35:02 - INFO - radio_monitor.scrapers - Scraped 11 songs from iheartnewcountry
2026-06-13 17:35:02 - INFO - radio_monitor.normalization - Collaboration detected: 'Dan + Shay' -> Primary artist: 'Dan' (ignoring featured artists)
2026-06-13 17:35:02 - INFO - radio_monitor.scrapers - Collaboration processed: 'Dan + Shay' -> Primary artist: 'Dan'
2026-06-13 17:35:03 - INFO - radio_monitor.mbid - Found MBID for Dan: 976eea71-9440-458b-8028-8ae8d7aff95e (exact match)
2026-06-13 17:35:04 - INFO - radio_monitor.scrapers - Completed scraping iheartnewcountry: 11 songs found
2026-06-13 17:35:04 - INFO - radio_monitor.scrapers - Scraping iheartsoftrock: https://www.iheart.com/live/soft-rock-4414
2026-06-13 17:35:04 - INFO - radio_monitor.scrapers - Using fast scraper for iheartsoftrock (initial_wait=6s)...
2026-06-13 17:35:04 - INFO - radio_monitor.scrapers - Fast scraper found 11 songs (attempt 1/7)
2026-06-13 17:35:04 - INFO - radio_monitor.scrapers - Fast scraper successful with 11 songs in 1 attempt(s)
2026-06-13 17:35:04 - INFO - radio_monitor.scrapers - Fast scraper successful for iheartsoftrock: 11 songs
2026-06-13 17:35:04 - INFO - radio_monitor.scrapers - Scraped 11 songs from iheartsoftrock
2026-06-13 17:35:04 - INFO - radio_monitor.normalization - Collaboration detected: 'P!nk featuring Nate Ruess' -> Primary artist: 'P!nk' (ignoring featured artists)
2026-06-13 17:35:04 - INFO - radio_monitor.scrapers - Collaboration processed: 'P!nk featuring Nate Ruess' -> Primary artist: 'P!nk'
2026-06-13 17:35:04 - INFO - radio_monitor.scrapers - New song: Just Give Me a Reason by P!nk
2026-06-13 17:35:04 - INFO - radio_monitor.lidarr - Lookup result for P!nk (MBID: f4d5cc07-3bc9-4836-9b15-88a08359bc63): has_id = True
2026-06-13 17:35:04 - INFO - radio_monitor.lidarr - P!nk already exists in Lidarr (ID: 440)
2026-06-13 17:35:04 - INFO - radio_monitor.scrapers - Auto-imported P!nk to Lidarr (1828 plays, 16 songs)
2026-06-13 17:35:04 - INFO - radio_monitor.normalization - Collaboration detected: 'Joan Jett & the Blackhearts' -> Primary artist: 'Joan Jett' (ignoring featured artists)
2026-06-13 17:35:04 - INFO - radio_monitor.scrapers - Collaboration processed: 'Joan Jett & the Blackhearts' -> Primary artist: 'Joan Jett'
2026-06-13 17:35:04 - INFO - radio_monitor.normalization - Collaboration detected: 'Rihanna & JAY-Z' -> Primary artist: 'Rihanna' (ignoring featured artists)
2026-06-13 17:35:04 - INFO - radio_monitor.scrapers - Collaboration processed: 'Rihanna & JAY-Z' -> Primary artist: 'Rihanna'
2026-06-13 17:35:04 - INFO - radio_monitor.scrapers - Completed scraping iheartsoftrock: 11 songs found
2026-06-13 17:35:04 - INFO - radio_monitor.scrapers - Scraping iheart2000s: https://www.iheart.com/live/iheart2000s-6850
2026-06-13 17:35:04 - INFO - radio_monitor.scrapers - Using fast scraper for iheart2000s (initial_wait=6s)...
2026-06-13 17:35:05 - INFO - radio_monitor.scrapers - Fast scraper found 12 songs (attempt 1/7)
2026-06-13 17:35:05 - INFO - radio_monitor.scrapers - Fast scraper successful with 12 songs in 1 attempt(s)
2026-06-13 17:35:05 - INFO - radio_monitor.scrapers - Fast scraper successful for iheart2000s: 12 songs
2026-06-13 17:35:05 - INFO - radio_monitor.scrapers - Scraped 12 songs from iheart2000s
2026-06-13 17:35:07 - INFO - radio_monitor.mbid - Found MBID for Puddle of Mudd: ff460a70-fdf4-4aa2-b021-8a04da76d88e (exact match)
2026-06-13 17:35:08 - INFO - radio_monitor.mbid - Found MBID for Plain White T's: 49576e42-fbbd-4d73-968d-93c8dcf7f065 (matched: Plain White T’s, 93.3% similarity, good match with overlap)
2026-06-13 17:35:10 - INFO - radio_monitor.mbid - Found MBID for The All-American Rejects: 09885b8e-f235-4b80-a02a-055539493173 (exact match)
2026-06-13 17:35:12 - INFO - radio_monitor.mbid - Found MBID for *nsync: 603ba565-3967-4be1-931e-9cb945394e86 (exact match)
2026-06-13 17:35:12 - INFO - radio_monitor.scrapers - New song: Bye Bye Bye by *nsync
2026-06-13 17:35:12 - INFO - radio_monitor.lidarr - Lookup result for *nsync (MBID: 603ba565-3967-4be1-931e-9cb945394e86): has_id = True
2026-06-13 17:35:12 - INFO - radio_monitor.lidarr - *nsync already exists in Lidarr (ID: 2)
2026-06-13 17:35:12 - INFO - radio_monitor.scrapers - Auto-imported *nsync to Lidarr (21 plays, 2 songs)
2026-06-13 17:35:12 - INFO - radio_monitor.normalization - Collaboration detected: 'Eve feat. Gwen Stefani' -> Primary artist: 'Eve' (ignoring featured artists)
2026-06-13 17:35:12 - INFO - radio_monitor.scrapers - Collaboration processed: 'Eve feat. Gwen Stefani' -> Primary artist: 'Eve'
2026-06-13 17:35:12 - INFO - radio_monitor.scrapers - Completed scraping iheart2000s: 12 songs found
2026-06-13 17:35:12 - INFO - radio_monitor.scrapers - Scraping iheart2010s: https://www.iheart.com/live/iheart2010s-8478
2026-06-13 17:35:12 - INFO - radio_monitor.scrapers - Using fast scraper for iheart2010s (initial_wait=6s)...
2026-06-13 17:35:13 - INFO - radio_monitor.scrapers - Fast scraper found 11 songs (attempt 1/7)
2026-06-13 17:35:13 - INFO - radio_monitor.scrapers - Fast scraper successful with 11 songs in 1 attempt(s)
2026-06-13 17:35:13 - INFO - radio_monitor.scrapers - Fast scraper successful for iheart2010s: 11 songs
2026-06-13 17:35:13 - INFO - radio_monitor.scrapers - Scraped 11 songs from iheart2010s
2026-06-13 17:35:14 - INFO - radio_monitor.mbid - Found MBID for lovelytheband: 60f7b450-59dc-4be7-8b88-383fb4f66322 (exact match)
2026-06-13 17:35:14 - INFO - radio_monitor.normalization - Collaboration detected: 'Rihanna & Calvin Harris' -> Primary artist: 'Rihanna' (ignoring featured artists)
2026-06-13 17:35:14 - INFO - radio_monitor.scrapers - Collaboration processed: 'Rihanna & Calvin Harris' -> Primary artist: 'Rihanna'
2026-06-13 17:35:14 - INFO - radio_monitor.normalization - Collaboration detected: 'Nico & Vinz' -> Primary artist: 'Nico' (ignoring featured artists)
2026-06-13 17:35:14 - INFO - radio_monitor.scrapers - Collaboration processed: 'Nico & Vinz' -> Primary artist: 'Nico'
2026-06-13 17:35:14 - INFO - radio_monitor.scrapers - New song: Am I Wrong by Nico
2026-06-13 17:35:15 - INFO - radio_monitor.scrapers - Completed scraping iheart2010s: 11 songs found
2026-06-13 17:35:15 - INFO - radio_monitor.scrapers - Scraping iheart2020s: https://www.iheart.com/live/iheart2020s-10765
2026-06-13 17:35:15 - INFO - radio_monitor.scrapers - Using fast scraper for iheart2020s (initial_wait=6s)...
2026-06-13 17:35:15 - INFO - radio_monitor.scrapers - Fast scraper found 11 songs (attempt 1/7)
2026-06-13 17:35:15 - INFO - radio_monitor.scrapers - Fast scraper successful with 11 songs in 1 attempt(s)
2026-06-13 17:35:15 - INFO - radio_monitor.scrapers - Fast scraper successful for iheart2020s: 11 songs
2026-06-13 17:35:15 - INFO - radio_monitor.scrapers - Scraped 11 songs from iheart2020s
2026-06-13 17:35:15 - INFO - radio_monitor.normalization - Collaboration detected: '24kGoldn feat. Iann Dior' -> Primary artist: '24kGoldn' (ignoring featured artists)
2026-06-13 17:35:15 - INFO - radio_monitor.scrapers - Collaboration processed: '24kGoldn feat. Iann Dior' -> Primary artist: '24kGoldn'
2026-06-13 17:35:15 - INFO - radio_monitor.normalization - Collaboration detected: 'Doja Cat feat. SZA' -> Primary artist: 'Doja Cat' (ignoring featured artists)
2026-06-13 17:35:15 - INFO - radio_monitor.scrapers - Collaboration processed: 'Doja Cat feat. SZA' -> Primary artist: 'Doja Cat'
2026-06-13 17:35:15 - INFO - radio_monitor.scrapers - Completed scraping iheart2020s: 11 songs found
2026-06-13 17:35:15 - INFO - radio_monitor.scrapers - Scraping iheart80s: https://www.iheart.com/live/iheart80s-5060
2026-06-13 17:35:15 - INFO - radio_monitor.scrapers - Using fast scraper for iheart80s (initial_wait=6s)...
2026-06-13 17:35:16 - INFO - radio_monitor.scrapers - Fast scraper found 0 songs (attempt 1/7)
2026-06-13 17:35:16 - INFO - radio_monitor.scrapers - Only 0 songs (need >=2), waiting 6s before retry...
2026-06-13 17:35:22 - INFO - radio_monitor.scrapers - Fast scraper found 11 songs (attempt 2/7)
2026-06-13 17:35:22 - INFO - radio_monitor.scrapers - Fast scraper successful with 11 songs in 2 attempt(s)
2026-06-13 17:35:22 - INFO - radio_monitor.scrapers - Fast scraper successful for iheart80s: 11 songs
2026-06-13 17:35:22 - INFO - radio_monitor.scrapers - Scraped 11 songs from iheart80s
2026-06-13 17:35:24 - INFO - radio_monitor.mbid - Found MBID for Tears for Fears: 7c7f9c94-dee8-4903-892b-6cf44652e2de (exact match)
2026-06-13 17:35:26 - INFO - radio_monitor.mbid - Found MBID for INXS: 481bf5f9-2e7c-4c44-b08a-05b32bc7c00d (exact match)
2026-06-13 17:35:28 - INFO - radio_monitor.mbid - Found MBID for The Go-Go's: dae9c45a-6f2f-4ab0-ac49-4147568a89cf (matched: The Go-Go’s, 90.9% similarity, good match with overlap)
2026-06-13 17:35:28 - INFO - radio_monitor.scrapers - New song: We Got The Beat by The Go-Go's
2026-06-13 17:35:28 - INFO - radio_monitor.lidarr - Lookup result for The Go-Go's (MBID: dae9c45a-6f2f-4ab0-ac49-4147568a89cf): has_id = True
2026-06-13 17:35:28 - INFO - radio_monitor.lidarr - The Go-Go's already exists in Lidarr (ID: 2959)
2026-06-13 17:35:28 - INFO - radio_monitor.scrapers - Auto-imported The Go-Go's to Lidarr (23 plays, 2 songs)
2026-06-13 17:35:28 - INFO - radio_monitor.normalization - Collaboration detected: 'Daryl Hall & John Oates' -> Primary artist: 'Daryl Hall' (ignoring featured artists)
2026-06-13 17:35:28 - INFO - radio_monitor.scrapers - Collaboration processed: 'Daryl Hall & John Oates' -> Primary artist: 'Daryl Hall'
2026-06-13 17:35:28 - INFO - radio_monitor.scrapers - New song: Private Eyes by Daryl Hall
2026-06-13 17:35:28 - INFO - radio_monitor.scrapers - Completed scraping iheart80s: 11 songs found
2026-06-13 17:35:28 - INFO - radio_monitor.scrapers - Scraping iheart90s: https://www.iheart.com/live/iheart90s-6834
2026-06-13 17:35:28 - INFO - radio_monitor.scrapers - Using fast scraper for iheart90s (initial_wait=6s)...
2026-06-13 17:35:28 - INFO - radio_monitor.scrapers - Fast scraper found 12 songs (attempt 1/7)
2026-06-13 17:35:28 - INFO - radio_monitor.scrapers - Fast scraper successful with 12 songs in 1 attempt(s)
2026-06-13 17:35:28 - INFO - radio_monitor.scrapers - Fast scraper successful for iheart90s: 12 songs
2026-06-13 17:35:28 - INFO - radio_monitor.scrapers - Scraped 12 songs from iheart90s
2026-06-13 17:35:28 - INFO - radio_monitor.normalization - Collaboration detected: 'Marky Mark And The Funky Bunch feat. Loleatta Holloway' -> Primary artist: 'Marky Mark' (ignoring featured artists)
2026-06-13 17:35:28 - INFO - radio_monitor.scrapers - Collaboration processed: 'Marky Mark And The Funky Bunch feat. Loleatta Holloway' -> Primary artist: 'Marky Mark'
2026-06-13 17:35:30 - INFO - radio_monitor.mbid - Found MBID for Marky Mark: 7201bb47-82ce-471e-b520-4551ec84e8c7 (exact match)
2026-06-13 17:35:30 - INFO - radio_monitor.scrapers - New artist: Marky Mark (7201bb47-82ce-471e-b520-4551ec84e8c7)
2026-06-13 17:35:30 - INFO - radio_monitor.scrapers - New song: Good Vibrations by Marky Mark
2026-06-13 17:35:32 - INFO - radio_monitor.mbid - Found MBID for UB40: 7113aab7-628f-4050-ae49-dbecac110ca8 (exact match)
2026-06-13 17:35:33 - INFO - radio_monitor.mbid - Found MBID for Naughty by Nature: 3bdcd49d-212e-4f4f-877a-eac1e4a2bddc (exact match)
2026-06-13 17:35:36 - INFO - radio_monitor.mbid - Found MBID for Ace of Base: d4a1404d-e00c-4bac-b3ba-e3557f6468d6 (exact match)
2026-06-13 17:35:36 - INFO - radio_monitor.scrapers - Completed scraping iheart90s: 12 songs found
2026-06-13 17:35:36 - INFO - radio_monitor.scrapers - Scraping iheartcountry: https://www.iheart.com/live/iheartcountry-4418
2026-06-13 17:35:36 - INFO - radio_monitor.scrapers - Using fast scraper for iheartcountry (initial_wait=6s)...
2026-06-13 17:35:36 - INFO - radio_monitor.scrapers - Fast scraper found 12 songs (attempt 1/7)
2026-06-13 17:35:36 - INFO - radio_monitor.scrapers - Fast scraper successful with 12 songs in 1 attempt(s)
2026-06-13 17:35:36 - INFO - radio_monitor.scrapers - Fast scraper successful for iheartcountry: 12 songs
2026-06-13 17:35:36 - INFO - radio_monitor.scrapers - Scraped 12 songs from iheartcountry
2026-06-13 17:35:36 - INFO - radio_monitor.normalization - Collaboration detected: 'Corey Kent & Koe Wetzel' -> Primary artist: 'Corey Kent' (ignoring featured artists)
2026-06-13 17:35:36 - INFO - radio_monitor.scrapers - Collaboration processed: 'Corey Kent & Koe Wetzel' -> Primary artist: 'Corey Kent'
2026-06-13 17:35:36 - INFO - radio_monitor.scrapers - Completed scraping iheartcountry: 12 songs found
2026-06-13 17:35:36 - INFO - radio_monitor.scrapers - Scraping iheartcountry2000s: https://www.iheart.com/live/iheartcountry-2000s-10027
2026-06-13 17:35:36 - INFO - radio_monitor.scrapers - Using fast scraper for iheartcountry2000s (initial_wait=6s)...
2026-06-13 17:35:37 - INFO - radio_monitor.scrapers - Fast scraper found 10 songs (attempt 1/7)
2026-06-13 17:35:37 - INFO - radio_monitor.scrapers - Fast scraper successful with 10 songs in 1 attempt(s)
2026-06-13 17:35:37 - INFO - radio_monitor.scrapers - Fast scraper successful for iheartcountry2000s: 10 songs
2026-06-13 17:35:37 - INFO - radio_monitor.scrapers - Scraped 10 songs from iheartcountry2000s
2026-06-13 17:35:37 - INFO - radio_monitor.scrapers - Using manual MBID override for 'Alan Jackson': 7291957b-c463-4275-a41c-a104c9e2337f
2026-06-13 17:35:39 - INFO - radio_monitor.mbid - Found MBID for Tim McGraw: 7e5cfc9a-e9e1-46f1-b81a-861b12049488 (exact match)
2026-06-13 17:35:39 - INFO - radio_monitor.scrapers - Completed scraping iheartcountry2000s: 10 songs found
2026-06-13 17:35:39 - INFO - radio_monitor.scrapers - Scraping iheartcountry80s: https://www.iheart.com/live/iheartcountry-80s-6836
2026-06-13 17:35:39 - INFO - radio_monitor.scrapers - Using fast scraper for iheartcountry80s (initial_wait=6s)...
2026-06-13 17:35:39 - INFO - radio_monitor.scrapers - Fast scraper found 12 songs (attempt 1/7)
2026-06-13 17:35:39 - INFO - radio_monitor.scrapers - Fast scraper successful with 12 songs in 1 attempt(s)
2026-06-13 17:35:39 - INFO - radio_monitor.scrapers - Fast scraper successful for iheartcountry80s: 12 songs
2026-06-13 17:35:39 - INFO - radio_monitor.scrapers - Scraped 12 songs from iheartcountry80s
2026-06-13 17:35:41 - INFO - radio_monitor.mbid - Found MBID for Hit Crew Masters: e0ca7010-9b27-492f-bfe0-1e5dd444f9dd (matched: Hit Masters, 81.5% similarity, good match with overlap)
2026-06-13 17:35:41 - INFO - radio_monitor.scrapers - New song: She Keeps the Home Fires Burning by Hit Crew Masters
2026-06-13 17:35:41 - INFO - radio_monitor.scrapers - Completed scraping iheartcountry80s: 12 songs found
2026-06-13 17:35:41 - INFO - radio_monitor.scrapers - Scraping iheartcountry90s: https://www.iheart.com/live/iheartcountry-90s-6870
2026-06-13 17:35:41 - INFO - radio_monitor.scrapers - Using fast scraper for iheartcountry90s (initial_wait=6s)...
2026-06-13 17:35:42 - INFO - radio_monitor.scrapers - Fast scraper found 12 songs (attempt 1/7)
2026-06-13 17:35:42 - INFO - radio_monitor.scrapers - Fast scraper successful with 12 songs in 1 attempt(s)
2026-06-13 17:35:42 - INFO - radio_monitor.scrapers - Fast scraper successful for iheartcountry90s: 12 songs
2026-06-13 17:35:42 - INFO - radio_monitor.scrapers - Scraped 12 songs from iheartcountry90s
2026-06-13 17:35:45 - INFO - radio_monitor.mbid - Found MBID for Martina McBride: b0a55bd8-60c7-45c1-b78e-f20e4c8adba1 (exact match)
2026-06-13 17:35:46 - INFO - radio_monitor.mbid - Found MBID for Reba McEntire: 3ec17e85-9284-4f4c-8831-4e56c2354cdb (exact match)
2026-06-13 17:35:48 - INFO - radio_monitor.mbid - Found MBID for Tim McGraw: 7e5cfc9a-e9e1-46f1-b81a-861b12049488 (exact match)
2026-06-13 17:35:48 - INFO - radio_monitor.scrapers - Completed scraping iheartcountry90s: 12 songs found
2026-06-13 17:35:48 - INFO - radio_monitor.scrapers - Scraping iheartcountryclassics: https://www.iheart.com/live/iheartcountry-classics-4435
2026-06-13 17:35:48 - INFO - radio_monitor.scrapers - Using fast scraper for iheartcountryclassics (initial_wait=6s)...
2026-06-13 17:35:49 - INFO - radio_monitor.scrapers - Fast scraper found 10 songs (attempt 1/7)
2026-06-13 17:35:49 - INFO - radio_monitor.scrapers - Fast scraper successful with 10 songs in 1 attempt(s)
2026-06-13 17:35:49 - INFO - radio_monitor.scrapers - Fast scraper successful for iheartcountryclassics: 10 songs
2026-06-13 17:35:49 - INFO - radio_monitor.scrapers - Scraped 10 songs from iheartcountryclassics
2026-06-13 17:35:49 - INFO - radio_monitor.normalization - Collaboration detected: 'Brooks & Dunn' -> Primary artist: 'Brooks' (ignoring featured artists)
2026-06-13 17:35:49 - INFO - radio_monitor.scrapers - Collaboration processed: 'Brooks & Dunn' -> Primary artist: 'Brooks'
2026-06-13 17:35:49 - INFO - radio_monitor.scrapers - New song: Lost and Found by Brooks
2026-06-13 17:35:49 - INFO - radio_monitor.scrapers - Completed scraping iheartcountryclassics: 10 songs found
2026-06-13 17:35:49 - INFO - radio_monitor.scrapers - Scraping iheartcountryfavorites: https://www.iheart.com/live/iheartcountry-favorites-8625
2026-06-13 17:35:49 - INFO - radio_monitor.scrapers - Using fast scraper for iheartcountryfavorites (initial_wait=6s)...
2026-06-13 17:35:50 - INFO - radio_monitor.scrapers - Fast scraper found 12 songs (attempt 1/7)
2026-06-13 17:35:50 - INFO - radio_monitor.scrapers - Fast scraper successful with 12 songs in 1 attempt(s)
2026-06-13 17:35:50 - INFO - radio_monitor.scrapers - Fast scraper successful for iheartcountryfavorites: 12 songs
2026-06-13 17:35:50 - INFO - radio_monitor.scrapers - Scraped 12 songs from iheartcountryfavorites
2026-06-13 17:35:50 - INFO - radio_monitor.normalization - Collaboration detected: 'Justin Moore feat. Dierks Bentley' -> Primary artist: 'Justin Moore' (ignoring featured artists)
2026-06-13 17:35:50 - INFO - radio_monitor.scrapers - Collaboration processed: 'Justin Moore feat. Dierks Bentley' -> Primary artist: 'Justin Moore'
2026-06-13 17:35:50 - INFO - radio_monitor.normalization - Collaboration detected: 'Morgan Wallen & Post Malone' -> Primary artist: 'Morgan Wallen' (ignoring featured artists)
2026-06-13 17:35:50 - INFO - radio_monitor.scrapers - Collaboration processed: 'Morgan Wallen & Post Malone' -> Primary artist: 'Morgan Wallen'
2026-06-13 17:35:50 - INFO - radio_monitor.scrapers - New song: Ain't Goin' Down ('Til the Sun Comes Up) by Garth Brooks Tribute
2026-06-13 17:35:50 - INFO - radio_monitor.scrapers - Completed scraping iheartcountryfavorites: 12 songs found
2026-06-13 17:35:50 - INFO - radio_monitor.scrapers - Scraping complete: {'success': True, 'stations_scraped': 27, 'songs_found': 305, 'artists_added': 5, 'songs_added': 15, 'plays_recorded': 305, 'skipped_no_mbid': 0, 'failed_stations': [], 'message': 'Scraped 27 stations, found 305 songs, 305 plays recorded'}

[OK] Scrape complete!
  Stations scraped: 27
  Songs scraped: 0
  New artists: 0
  New songs: 0
  Plays recorded: 0
